// Jest Snapshot v1, https://goo.gl/fbAQLP

exports[`GSM: Overview matches snapshot 1`] = `
Object {
  "asFragment": [Function],
  "baseElement": <body>
    <div>
      <h2
        class="material-gsm__content-title mdc-typography--headline6"
      >
        Time to make Material Design look the way you want
      </h2>
      <p
        class="material-gsm__content-description"
      >
        With Material Design you can customize your navigation, colors, typography, shapes, and access the full set of 
        <a
          href="https://fonts.google.com/"
          rel="noopener noreferrer"
          target="_blank"
        >
          Google Fonts
        </a>
         and 
        <a
          href="https://material.io/resources/icons/?style=baseline"
          rel="noopener noreferrer"
          target="_blank"
        >
          Material Design icons.
        </a>
         Check out the Customize your Theme section to dig into all the ways you can make Material your own. 
      </p>
      <h2
        class="material-gsm__content-title mdc-typography--headline6"
      >
        Material Theme
      </h2>
      <p
        class="material-gsm__content-description"
      >
        Applies Material Design colors, typography, shapes, and icons to built-in WordPress elements like your site's header and posts.
      </p>
      <div
        class="material-gsm__content-actions"
      >
        <button
          class="mdc-button mdc-button--raised"
        >
          <span
            class="mdc-button__label"
          >
            Activate
          </span>
          <i
            aria-hidden="true"
            class="material-icons mdc-button__icon trailing-icon"
          >
            navigate_next
          </i>
        </button>
      </div>
      <h2
        class="material-gsm__content-title mdc-typography--headline6"
      >
        Material Design Plugin
      </h2>
      <p
        class="material-gsm__content-description"
      >
        Customize your Material Theme styles and Material Components blocks. Choose from over 1,000 Google Fonts and Material Design icons.
      </p>
      <h2
        class="material-gsm__content-title mdc-typography--headline6"
      >
        Material Components available in the Block Editor
      </h2>
      <p
        class="material-gsm__content-description"
      >
        Start building your custom site with Material Blocks available in the WordPress editor, no code required.
      </p>
      <div
        class="material-gsm__content-actions"
      >
        <button
          class="mdc-button mdc-button--raised"
        >
          <span
            class="mdc-button__label"
          >
            View all Material Blocks
          </span>
          <i
            aria-hidden="true"
            class="material-icons mdc-button__icon trailing-icon"
          >
            launch
          </i>
        </button>
      </div>
      <div
        style="height: 20px;"
      />
    </div>
  </body>,
  "container": <div>
    <h2
      class="material-gsm__content-title mdc-typography--headline6"
    >
      Time to make Material Design look the way you want
    </h2>
    <p
      class="material-gsm__content-description"
    >
      With Material Design you can customize your navigation, colors, typography, shapes, and access the full set of 
      <a
        href="https://fonts.google.com/"
        rel="noopener noreferrer"
        target="_blank"
      >
        Google Fonts
      </a>
       and 
      <a
        href="https://material.io/resources/icons/?style=baseline"
        rel="noopener noreferrer"
        target="_blank"
      >
        Material Design icons.
      </a>
       Check out the Customize your Theme section to dig into all the ways you can make Material your own. 
    </p>
    <h2
      class="material-gsm__content-title mdc-typography--headline6"
    >
      Material Theme
    </h2>
    <p
      class="material-gsm__content-description"
    >
      Applies Material Design colors, typography, shapes, and icons to built-in WordPress elements like your site's header and posts.
    </p>
    <div
      class="material-gsm__content-actions"
    >
      <button
        class="mdc-button mdc-button--raised"
      >
        <span
          class="mdc-button__label"
        >
          Activate
        </span>
        <i
          aria-hidden="true"
          class="material-icons mdc-button__icon trailing-icon"
        >
          navigate_next
        </i>
      </button>
    </div>
    <h2
      class="material-gsm__content-title mdc-typography--headline6"
    >
      Material Design Plugin
    </h2>
    <p
      class="material-gsm__content-description"
    >
      Customize your Material Theme styles and Material Components blocks. Choose from over 1,000 Google Fonts and Material Design icons.
    </p>
    <h2
      class="material-gsm__content-title mdc-typography--headline6"
    >
      Material Components available in the Block Editor
    </h2>
    <p
      class="material-gsm__content-description"
    >
      Start building your custom site with Material Blocks available in the WordPress editor, no code required.
    </p>
    <div
      class="material-gsm__content-actions"
    >
      <button
        class="mdc-button mdc-button--raised"
      >
        <span
          class="mdc-button__label"
        >
          View all Material Blocks
        </span>
        <i
          aria-hidden="true"
          class="material-icons mdc-button__icon trailing-icon"
        >
          launch
        </i>
      </button>
    </div>
    <div
      style="height: 20px;"
    />
  </div>,
  "debug": [Function],
  "findAllByAltText": [Function],
  "findAllByDisplayValue": [Function],
  "findAllByLabelText": [Function],
  "findAllByPlaceholderText": [Function],
  "findAllByRole": [Function],
  "findAllByTestId": [Function],
  "findAllByText": [Function],
  "findAllByTitle": [Function],
  "findByAltText": [Function],
  "findByDisplayValue": [Function],
  "findByLabelText": [Function],
  "findByPlaceholderText": [Function],
  "findByRole": [Function],
  "findByTestId": [Function],
  "findByText": [Function],
  "findByTitle": [Function],
  "getAllByAltText": [Function],
  "getAllByDisplayValue": [Function],
  "getAllByLabelText": [Function],
  "getAllByPlaceholderText": [Function],
  "getAllByRole": [Function],
  "getAllByTestId": [Function],
  "getAllByText": [Function],
  "getAllByTitle": [Function],
  "getByAltText": [Function],
  "getByDisplayValue": [Function],
  "getByLabelText": [Function],
  "getByPlaceholderText": [Function],
  "getByRole": [Function],
  "getByTestId": [Function],
  "getByText": [Function],
  "getByTitle": [Function],
  "queryAllByAltText": [Function],
  "queryAllByDisplayValue": [Function],
  "queryAllByLabelText": [Function],
  "queryAllByPlaceholderText": [Function],
  "queryAllByRole": [Function],
  "queryAllByTestId": [Function],
  "queryAllByText": [Function],
  "queryAllByTitle": [Function],
  "queryByAltText": [Function],
  "queryByDisplayValue": [Function],
  "queryByLabelText": [Function],
  "queryByPlaceholderText": [Function],
  "queryByRole": [Function],
  "queryByTestId": [Function],
  "queryByText": [Function],
  "queryByTitle": [Function],
  "rerender": [Function],
  "unmount": [Function],
}
`;
